<html>
<body>
<pre>
<h1>µVision Build Log</h1>
<h2>Tool Versions:</h2>
IDE-Version: ¦ÌVision V5.35.0.0
Copyright (C) 2021 ARM Ltd and ARM Germany GmbH. All rights reserved.
License Information: z b, hxzy, LIC=LSNXV-P3G3N-RAVDM-XA0TS-CLL2C-79CJL
 
Tool Versions:
Toolchain:       MDK-ARM Plus  Version: 5.35.0.2
Toolchain Path:  d:\Keil_v5\ARM\ARMCC\Bin
C Compiler:      Armcc.exe V5.06 update 7 (build 960)
Assembler:       Armasm.exe V5.06 update 7 (build 960)
Linker/Locator:  ArmLink.exe V5.06 update 7 (build 960)
Library Manager: ArmAr.exe V5.06 update 7 (build 960)
Hex Converter:   FromElf.exe V5.06 update 7 (build 960)
CPU DLL:         SARMCM3.DLL V5.35.0.2
Dialog DLL:      DARMSTM.DLL V1.68.0.0
Target DLL:      Segger\JL2CM3.dll V2.99.40.0
Dialog DLL:      TARMSTM.DLL V1.66.0.0
 
<h2>Project:</h2>
P:\4proj\7STM32IPMB\source_v4_9\pri\proj.uvproj
Project File Date:  08/30/2022

<h2>Output:</h2>
*** Using Compiler 'V5.06 update 7 (build 960)', folder: 'd:\Keil_v5\ARM\ARMCC\Bin'
Build target 'Target 1'
compiling pwm.c...
linking...
..\source\Startup\proj.sct(14): warning: L6314W: No section matches pattern .(RO).
..\source\Startup\proj.sct(14): warning: L6314W: No section matches pattern =(RO).
..\source\Startup\proj.sct(14): warning: L6314W: No section matches pattern ALIGN(4).
Program Size: Code=34836 RO-data=1280 RW-data=508 ZI-data=11476  
Finished: 0 information, 3 warning and 0 error messages.
FromELF: creating hex file...
"..\output\demo.axf" - 0 Error(s), 3 Warning(s).
Build Time Elapsed:  00:00:00
</pre>
</body>
</html>
