<html>
<body>
<pre>
<h1>礦ision Build Log</h1>
<h2>Project:</h2>
D:\BaiduYunDownload\STM32F103C8T6最小系统版资料\STM32_OLED(C8T6)\MDK-Proj\STM32_OLED.uvproj
Project File Date:  10/22/2014

<h2>Output:</h2>
Build target 'STM32_OLED'
linking...
Program Size: Code=10444 RO-data=3300 RW-data=316 ZI-data=2404  
FromELF: creating hex file...
".\STM32_OLED.axf" - 0 Errors, 0 Warning(s).
Rebuild target 'STM32_OLED'
compiling misc.c...
compiling stm32f10x_gpio.c...
compiling stm32f10x_i2c.c...
compiling stm32f10x_iwdg.c...
compiling stm32f10x_pwr.c...
compiling stm32f10x_rcc.c...
compiling stm32f10x_rtc.c...
compiling stm32f10x_sdio.c...
compiling stm32f10x_spi.c...
compiling stm32f10x_tim.c...
compiling stm32f10x_usart.c...
compiling stm32f10x_wwdg.c...
compiling stm32f10x_adc.c...
compiling stm32f10x_bkp.c...
compiling stm32f10x_can.c...
compiling stm32f10x_crc.c...
compiling stm32f10x_dac.c...
compiling stm32f10x_dbgmcu.c...
compiling stm32f10x_dma.c...
compiling stm32f10x_exti.c...
compiling stm32f10x_flash.c...
compiling stm32f10x_fsmc.c...
assembling startup_stm32f10x_md.s...
compiling core_cm3.c...
compiling system_stm32f10x.c...
compiling main.c...
compiling stm32f10x_it.c...
compiling BSP_Config.c...
compiling send_DATA.c...
compiling CRC.c...
compiling oled.c...
linking...
Program Size: Code=10444 RO-data=3300 RW-data=316 ZI-data=2404  
FromELF: creating hex file...
".\STM32_OLED.axf" - 0 Errors, 0 Warning(s).
Load "D:\\BaiduYunDownload\\STM32F103C8T6最小系统版资料\\STM32_OLED(C8T6)\\MDK-Proj\\STM32_OLED.axf" 
Full Chip Erase Done.
Programming Failed!
Load "D:\\BaiduYunDownload\\STM32F103C8T6最小系统版资料\\STM32_OLED(C8T6)\\MDK-Proj\\STM32_OLED.axf" 
Full Chip Erase Done.
Programming Failed!
Load "D:\\BaiduYunDownload\\STM32F103C8T6最小系统版资料\\STM32_OLED(C8T6)\\MDK-Proj\\STM32_OLED.axf" 
Full Chip Erase Done.
Programming Failed!
Load "D:\\BaiduYunDownload\\STM32F103C8T6最小系统版资料\\STM32_OLED(C8T6)\\MDK-Proj\\STM32_OLED.axf" 
Include "D:\\BaiduYunDownload\\STM32F103C8T6最小系统版资料\\STM32_OLED(C8T6)\\MDK-Proj\\JLinkSettings.ini" 
[BREAKPOINTS]
^
*** error 10: Syntax error
Full Chip Erase Done.
Programming Failed!
Load "D:\\BaiduYunDownload\\STM32F103C8T6最小系统版资料\\STM32_OLED(C8T6)\\MDK-Proj\\STM32_OLED.axf" 
Include "D:\\BaiduYunDownload\\STM32F103C8T6最小系统版资料\\STM32_OLED(C8T6)\\MDK-Proj\\JLinkSettings.ini" 
[BREAKPOINTS]
^
*** error 10: Syntax error
Full Chip Erase Done.
Programming Failed!
Load "D:\\BaiduYunDownload\\STM32F103C8T6最小系统版资料\\STM32_OLED(C8T6)\\MDK-Proj\\STM32_OLED.axf" 
Include "D:\\BaiduYunDownload\\STM32F103C8T6最小系统版资料\\STM32_OLED(C8T6)\\MDK-Proj\\JLinkSettings.ini" 
[BREAKPOINTS]
^
*** error 10: Syntax error
Full Chip Erase Done.
Programming Failed!
Load "D:\\BaiduYunDownload\\STM32F103C8T6最小系统版资料\\STM32_OLED(C8T6)\\MDK-Proj\\STM32_OLED.axf" 
Load "D:\\BaiduYunDownload\\STM32F103C8T6最小系统版资料\\STM32_OLED(C8T6)\\MDK-Proj\\STM32_OLED.axf" 
Include "D:\\BaiduYunDownload\\STM32F103C8T6最小系统版资料\\STM32_OLED(C8T6)\\MDK-Proj\\JLinkSettings.ini" 
[BREAKPOINTS]
^
*** error 10: Syntax error
Full Chip Erase Done.
Programming Done.
Verify OK.
Load "D:\\BaiduYunDownload\\STM32F103C8T6最小系统版资料\\STM32_OLED(C8T6)\\MDK-Proj\\STM32_OLED.axf" 
Include "D:\\BaiduYunDownload\\STM32F103C8T6最小系统版资料\\STM32_OLED(C8T6)\\MDK-Proj\\JLinkSettings.ini" 
[BREAKPOINTS]
^
*** error 10: Syntax error
Full Chip Erase Done.
Programming Done.
Verify OK.
Build target 'STM32_OLED'
compiling main.c...
linking...
Program Size: Code=10444 RO-data=3300 RW-data=316 ZI-data=2404  
FromELF: creating hex file...
".\STM32_OLED.axf" - 0 Errors, 0 Warning(s).
Build target 'STM32_OLED'
linking...
Program Size: Code=10444 RO-data=3300 RW-data=316 ZI-data=2404  
FromELF: creating hex file...
".\STM32_OLED.axf" - 0 Errors, 0 Warning(s).
Build target 'STM32_OLED'
linking...
Program Size: Code=10444 RO-data=3300 RW-data=316 ZI-data=2404  
FromELF: creating hex file...
".\STM32_OLED.axf" - 0 Errors, 0 Warning(s).
Build target 'STM32_OLED'
linking...
Program Size: Code=10444 RO-data=3300 RW-data=316 ZI-data=2404  
FromELF: creating hex file...
".\STM32_OLED.axf" - 0 Errors, 0 Warning(s).
Build target 'STM32_OLED'
compiling main.c...
compiling stm32f10x_it.c...
linking...
.\STM32_OLED.axf: Error: L6218E: Undefined symbol Key1 (referred from stm32f10x_it.o).
.\STM32_OLED.axf: Error: L6218E: Undefined symbol Key1_State (referred from stm32f10x_it.o).
.\STM32_OLED.axf: Error: L6218E: Undefined symbol Key1_Value (referred from stm32f10x_it.o).
.\STM32_OLED.axf: Error: L6218E: Undefined symbol WK_up_Key (referred from stm32f10x_it.o).
".\STM32_OLED.axf" - 4 Errors, 0 Warning(s).
Target not created
Build target 'STM32_OLED'
compiling stm32f10x_it.c...
linking...
Program Size: Code=10364 RO-data=3300 RW-data=308 ZI-data=2404  
FromELF: creating hex file...
".\STM32_OLED.axf" - 0 Errors, 0 Warning(s).
Build target 'STM32_OLED'
linking...
Program Size: Code=10364 RO-data=3300 RW-data=308 ZI-data=2404  
FromELF: creating hex file...
".\STM32_OLED.axf" - 0 Errors, 0 Warning(s).
Build target 'STM32_OLED'
linking...
Program Size: Code=10364 RO-data=3300 RW-data=308 ZI-data=2404  
FromELF: creating hex file...
".\STM32_OLED.axf" - 0 Errors, 0 Warning(s).
Rebuild target 'STM32_OLED'
compiling misc.c...
compiling stm32f10x_gpio.c...
compiling stm32f10x_i2c.c...
compiling stm32f10x_iwdg.c...
compiling stm32f10x_pwr.c...
compiling stm32f10x_rcc.c...
compiling stm32f10x_rtc.c...
compiling stm32f10x_sdio.c...
compiling stm32f10x_spi.c...
compiling stm32f10x_tim.c...
compiling stm32f10x_usart.c...
compiling stm32f10x_wwdg.c...
compiling stm32f10x_adc.c...
compiling stm32f10x_bkp.c...
compiling stm32f10x_can.c...
compiling stm32f10x_crc.c...
compiling stm32f10x_dac.c...
compiling stm32f10x_dbgmcu.c...
compiling stm32f10x_dma.c...
compiling stm32f10x_exti.c...
compiling stm32f10x_flash.c...
compiling stm32f10x_fsmc.c...
assembling startup_stm32f10x_md.s...
compiling core_cm3.c...
compiling system_stm32f10x.c...
compiling main.c...
compiling stm32f10x_it.c...
compiling BSP_Config.c...
compiling send_DATA.c...
compiling CRC.c...
compiling oled.c...
linking...
Program Size: Code=10364 RO-data=3300 RW-data=308 ZI-data=2404  
FromELF: creating hex file...
".\STM32_OLED.axf" - 0 Errors, 0 Warning(s).
Load "D:\\BaiduYunDownload\\STM32F103C8T6最小系统版资料\\STM32_OLED(C8T6)\\MDK-Proj\\STM32_OLED.axf" 
Include "D:\\BaiduYunDownload\\STM32F103C8T6最小系统版资料\\STM32_OLED(C8T6)\\MDK-Proj\\JLinkSettings.ini" 
[BREAKPOINTS]
^
*** error 10: Syntax error
Full Chip Erase Done.
Programming Done.
Verify OK.
Build target 'STM32_OLED'
compiling BSP_Config.c...
linking...
Program Size: Code=10364 RO-data=3300 RW-data=308 ZI-data=2404  
FromELF: creating hex file...
".\STM32_OLED.axf" - 0 Errors, 0 Warning(s).
Build target 'STM32_OLED'
linking...
Program Size: Code=10364 RO-data=3300 RW-data=308 ZI-data=2404  
FromELF: creating hex file...
".\STM32_OLED.axf" - 0 Errors, 0 Warning(s).
Build target 'STM32_OLED'
linking...
Program Size: Code=10364 RO-data=3300 RW-data=308 ZI-data=2404  
FromELF: creating hex file...
".\STM32_OLED.axf" - 0 Errors, 0 Warning(s).
Rebuild target 'STM32_OLED'
compiling misc.c...
compiling stm32f10x_gpio.c...
compiling stm32f10x_i2c.c...
compiling stm32f10x_iwdg.c...
compiling stm32f10x_pwr.c...
compiling stm32f10x_rcc.c...
compiling stm32f10x_rtc.c...
compiling stm32f10x_sdio.c...
compiling stm32f10x_spi.c...
compiling stm32f10x_tim.c...
compiling stm32f10x_usart.c...
compiling stm32f10x_wwdg.c...
compiling stm32f10x_adc.c...
compiling stm32f10x_bkp.c...
compiling stm32f10x_can.c...
compiling stm32f10x_crc.c...
compiling stm32f10x_dac.c...
compiling stm32f10x_dbgmcu.c...
compiling stm32f10x_dma.c...
compiling stm32f10x_exti.c...
compiling stm32f10x_flash.c...
compiling stm32f10x_fsmc.c...
assembling startup_stm32f10x_md.s...
compiling core_cm3.c...
compiling system_stm32f10x.c...
compiling main.c...
compiling stm32f10x_it.c...
compiling BSP_Config.c...
compiling send_DATA.c...
compiling CRC.c...
compiling oled.c...
linking...
Program Size: Code=10364 RO-data=3300 RW-data=308 ZI-data=2404  
FromELF: creating hex file...
".\STM32_OLED.axf" - 0 Errors, 0 Warning(s).
Rebuild target 'STM32_OLED'
compiling misc.c...
compiling stm32f10x_gpio.c...
compiling stm32f10x_i2c.c...
compiling stm32f10x_iwdg.c...
compiling stm32f10x_pwr.c...
compiling stm32f10x_rcc.c...
compiling stm32f10x_rtc.c...
compiling stm32f10x_sdio.c...
compiling stm32f10x_spi.c...
compiling stm32f10x_tim.c...
compiling stm32f10x_usart.c...
compiling stm32f10x_wwdg.c...
compiling stm32f10x_adc.c...
compiling stm32f10x_bkp.c...
compiling stm32f10x_can.c...
compiling stm32f10x_crc.c...
compiling stm32f10x_dac.c...
compiling stm32f10x_dbgmcu.c...
compiling stm32f10x_dma.c...
compiling stm32f10x_exti.c...
compiling stm32f10x_flash.c...
compiling stm32f10x_fsmc.c...
assembling startup_stm32f10x_md.s...
compiling core_cm3.c...
compiling system_stm32f10x.c...
compiling main.c...
compiling stm32f10x_it.c...
compiling BSP_Config.c...
compiling send_DATA.c...
compiling CRC.c...
compiling oled.c...
linking...
Program Size: Code=10364 RO-data=3300 RW-data=308 ZI-data=2404  
FromELF: creating hex file...
".\STM32_OLED.axf" - 0 Errors, 0 Warning(s).
Build target 'STM32_OLED'
compiling Eeprom.c...
linking...
Program Size: Code=10364 RO-data=3300 RW-data=308 ZI-data=2404  
FromELF: creating hex file...
".\STM32_OLED.axf" - 0 Errors, 0 Warning(s).
Build target 'STM32_OLED'
compiling misc.c...
compiling stm32f10x_gpio.c...
compiling stm32f10x_i2c.c...
compiling stm32f10x_iwdg.c...
compiling stm32f10x_pwr.c...
compiling stm32f10x_rcc.c...
compiling stm32f10x_rtc.c...
compiling stm32f10x_sdio.c...
compiling stm32f10x_spi.c...
compiling stm32f10x_tim.c...
compiling stm32f10x_usart.c...
compiling stm32f10x_wwdg.c...
compiling stm32f10x_adc.c...
compiling stm32f10x_bkp.c...
compiling stm32f10x_can.c...
compiling stm32f10x_crc.c...
compiling stm32f10x_dac.c...
compiling stm32f10x_dbgmcu.c...
compiling stm32f10x_dma.c...
compiling stm32f10x_exti.c...
compiling stm32f10x_flash.c...
compiling stm32f10x_fsmc.c...
compiling system_stm32f10x.c...
compiling main.c...
compiling stm32f10x_it.c...
compiling BSP_Config.c...
compiling send_DATA.c...
compiling oled.c...
compiling Eeprom.c...
linking...
Program Size: Code=10364 RO-data=3300 RW-data=308 ZI-data=2404  
FromELF: creating hex file...
".\STM32_OLED.axf" - 0 Errors, 0 Warning(s).
Rebuild target 'STM32_OLED'
compiling misc.c...
compiling stm32f10x_gpio.c...
compiling stm32f10x_i2c.c...
compiling stm32f10x_iwdg.c...
compiling stm32f10x_pwr.c...
compiling stm32f10x_rcc.c...
compiling stm32f10x_rtc.c...
compiling stm32f10x_sdio.c...
compiling stm32f10x_spi.c...
compiling stm32f10x_tim.c...
compiling stm32f10x_usart.c...
compiling stm32f10x_wwdg.c...
compiling stm32f10x_adc.c...
compiling stm32f10x_bkp.c...
compiling stm32f10x_can.c...
compiling stm32f10x_crc.c...
compiling stm32f10x_dac.c...
compiling stm32f10x_dbgmcu.c...
compiling stm32f10x_dma.c...
compiling stm32f10x_exti.c...
compiling stm32f10x_flash.c...
compiling stm32f10x_fsmc.c...
assembling startup_stm32f10x_md.s...
compiling core_cm3.c...
compiling system_stm32f10x.c...
compiling main.c...
compiling stm32f10x_it.c...
compiling BSP_Config.c...
compiling send_DATA.c...
compiling CRC.c...
compiling oled.c...
compiling Eeprom.c...
linking...
Program Size: Code=10364 RO-data=3300 RW-data=308 ZI-data=2404  
FromELF: creating hex file...
".\STM32_OLED.axf" - 0 Errors, 0 Warning(s).
Build target 'STM32_OLED'
compiling BSP_Config.c...
linking...
Program Size: Code=10432 RO-data=3300 RW-data=308 ZI-data=2404  
FromELF: creating hex file...
".\STM32_OLED.axf" - 0 Errors, 0 Warning(s).
Build target 'STM32_OLED'
compiling main.c...
..\APP\main.c(129): error:  #20: identifier "L_Buf" is undefined
..\APP\main.c(130): error:  #20: identifier "COM1_TxBuffer" is undefined
..\APP\main.c(130): error:  #20: identifier "NUM_Data" is undefined
..\APP\main.c(131): error:  #20: identifier "Data_buf" is undefined
".\STM32_OLED.axf" - 4 Errors, 0 Warning(s).
Target not created
Build target 'STM32_OLED'
compiling main.c...
linking...
Program Size: Code=12044 RO-data=3820 RW-data=308 ZI-data=2404  
FromELF: creating hex file...
".\STM32_OLED.axf" - 0 Errors, 0 Warning(s).
Build target 'STM32_OLED'
compiling main.c...
linking...
Program Size: Code=12044 RO-data=3820 RW-data=308 ZI-data=2404  
FromELF: creating hex file...
".\STM32_OLED.axf" - 0 Errors, 0 Warning(s).
Build target 'STM32_OLED'
compiling main.c...
linking...
Program Size: Code=12060 RO-data=3820 RW-data=308 ZI-data=2404  
FromELF: creating hex file...
".\STM32_OLED.axf" - 0 Errors, 0 Warning(s).
Build target 'STM32_OLED'
compiling main.c...
linking...
Program Size: Code=12060 RO-data=3820 RW-data=308 ZI-data=2404  
FromELF: creating hex file...
".\STM32_OLED.axf" - 0 Errors, 0 Warning(s).
Build target 'STM32_OLED'
linking...
Program Size: Code=12060 RO-data=3820 RW-data=308 ZI-data=2404  
FromELF: creating hex file...
".\STM32_OLED.axf" - 0 Errors, 0 Warning(s).
Build target 'STM32_OLED'
linking...
Program Size: Code=12060 RO-data=3820 RW-data=308 ZI-data=2404  
FromELF: creating hex file...
".\STM32_OLED.axf" - 0 Errors, 0 Warning(s).
Build target 'STM32_OLED'
linking...
Program Size: Code=12060 RO-data=3820 RW-data=308 ZI-data=2404  
FromELF: creating hex file...
".\STM32_OLED.axf" - 0 Errors, 0 Warning(s).
Build target 'STM32_OLED'
linking...
Program Size: Code=12060 RO-data=3820 RW-data=308 ZI-data=2404  
FromELF: creating hex file...
".\STM32_OLED.axf" - 0 Errors, 0 Warning(s).
Build target 'STM32_OLED'
linking...
Program Size: Code=12060 RO-data=3820 RW-data=308 ZI-data=2404  
FromELF: creating hex file...
".\STM32_OLED.axf" - 0 Errors, 0 Warning(s).
Rebuild target 'STM32_OLED'
compiling misc.c...
compiling stm32f10x_gpio.c...
compiling stm32f10x_i2c.c...
compiling stm32f10x_iwdg.c...
compiling stm32f10x_pwr.c...
compiling stm32f10x_rcc.c...
compiling stm32f10x_rtc.c...
compiling stm32f10x_sdio.c...
compiling stm32f10x_spi.c...
compiling stm32f10x_tim.c...
compiling stm32f10x_usart.c...
compiling stm32f10x_wwdg.c...
compiling stm32f10x_adc.c...
compiling stm32f10x_bkp.c...
compiling stm32f10x_can.c...
compiling stm32f10x_crc.c...
compiling stm32f10x_dac.c...
compiling stm32f10x_dbgmcu.c...
compiling stm32f10x_dma.c...
compiling stm32f10x_exti.c...
compiling stm32f10x_flash.c...
compiling stm32f10x_fsmc.c...
assembling startup_stm32f10x_md.s...
compiling core_cm3.c...
compiling system_stm32f10x.c...
compiling main.c...
compiling stm32f10x_it.c...
compiling BSP_Config.c...
compiling send_DATA.c...
compiling CRC.c...
compiling oled.c...
compiling Eeprom.c...
linking...
Program Size: Code=12060 RO-data=3820 RW-data=308 ZI-data=2404  
FromELF: creating hex file...
".\STM32_OLED.axf" - 0 Errors, 0 Warning(s).
Load "D:\\BaiduYunDownload\\STM32F103C8T6最小系统版资料\\STM32_OLED(C8T6)\\MDK-Proj\\STM32_OLED.axf" 
Include "D:\\BaiduYunDownload\\STM32F103C8T6最小系统版资料\\STM32_OLED(C8T6)\\MDK-Proj\\JLinkSettings.ini" 
[BREAKPOINTS]
^
*** error 10: Syntax error
Full Chip Erase Done.
Programming Done.
Verify OK.
Build target 'STM32_OLED'
compiling main.c...
linking...
Program Size: Code=11996 RO-data=3820 RW-data=116 ZI-data=2212  
FromELF: creating hex file...
".\STM32_OLED.axf" - 0 Errors, 0 Warning(s).
Rebuild target 'STM32_OLED'
compiling misc.c...
compiling stm32f10x_gpio.c...
compiling stm32f10x_i2c.c...
compiling stm32f10x_iwdg.c...
compiling stm32f10x_pwr.c...
compiling stm32f10x_rcc.c...
compiling stm32f10x_rtc.c...
compiling stm32f10x_sdio.c...
compiling stm32f10x_spi.c...
compiling stm32f10x_tim.c...
compiling stm32f10x_usart.c...
compiling stm32f10x_wwdg.c...
compiling stm32f10x_adc.c...
compiling stm32f10x_bkp.c...
compiling stm32f10x_can.c...
compiling stm32f10x_crc.c...
compiling stm32f10x_dac.c...
compiling stm32f10x_dbgmcu.c...
compiling stm32f10x_dma.c...
compiling stm32f10x_exti.c...
compiling stm32f10x_flash.c...
compiling stm32f10x_fsmc.c...
assembling startup_stm32f10x_md.s...
compiling core_cm3.c...
compiling system_stm32f10x.c...
compiling main.c...
compiling stm32f10x_it.c...
compiling BSP_Config.c...
compiling send_DATA.c...
compiling CRC.c...
compiling oled.c...
compiling Eeprom.c...
linking...
Program Size: Code=11996 RO-data=3820 RW-data=116 ZI-data=2212  
FromELF: creating hex file...
".\STM32_OLED.axf" - 0 Errors, 0 Warning(s).
Build target 'STM32_OLED'
compiling send_DATA.c...
linking...
Program Size: Code=11996 RO-data=3820 RW-data=116 ZI-data=2212  
FromELF: creating hex file...
".\STM32_OLED.axf" - 0 Errors, 0 Warning(s).
Build target 'STM32_OLED'
linking...
Program Size: Code=11996 RO-data=3820 RW-data=116 ZI-data=2212  
FromELF: creating hex file...
".\STM32_OLED.axf" - 0 Errors, 0 Warning(s).
Rebuild target 'STM32_OLED'
compiling misc.c...
compiling stm32f10x_gpio.c...
compiling stm32f10x_i2c.c...
compiling stm32f10x_iwdg.c...
compiling stm32f10x_pwr.c...
compiling stm32f10x_rcc.c...
compiling stm32f10x_rtc.c...
compiling stm32f10x_sdio.c...
compiling stm32f10x_spi.c...
compiling stm32f10x_tim.c...
compiling stm32f10x_usart.c...
compiling stm32f10x_wwdg.c...
compiling stm32f10x_adc.c...
compiling stm32f10x_bkp.c...
compiling stm32f10x_can.c...
compiling stm32f10x_crc.c...
compiling stm32f10x_dac.c...
compiling stm32f10x_dbgmcu.c...
compiling stm32f10x_dma.c...
compiling stm32f10x_exti.c...
compiling stm32f10x_flash.c...
compiling stm32f10x_fsmc.c...
assembling startup_stm32f10x_md.s...
compiling core_cm3.c...
compiling system_stm32f10x.c...
compiling main.c...
compiling stm32f10x_it.c...
compiling BSP_Config.c...
compiling send_DATA.c...
compiling CRC.c...
compiling oled.c...
compiling Eeprom.c...
linking...
Program Size: Code=11996 RO-data=3820 RW-data=116 ZI-data=2212  
FromELF: creating hex file...
".\STM32_OLED.axf" - 0 Errors, 0 Warning(s).
Rebuild target 'STM32_OLED'
compiling misc.c...
compiling stm32f10x_gpio.c...
compiling stm32f10x_i2c.c...
compiling stm32f10x_iwdg.c...
compiling stm32f10x_pwr.c...
compiling stm32f10x_rcc.c...
compiling stm32f10x_rtc.c...
compiling stm32f10x_sdio.c...
compiling stm32f10x_spi.c...
compiling stm32f10x_tim.c...
compiling stm32f10x_usart.c...
compiling stm32f10x_wwdg.c...
compiling stm32f10x_adc.c...
compiling stm32f10x_bkp.c...
compiling stm32f10x_can.c...
compiling stm32f10x_crc.c...
compiling stm32f10x_dac.c...
compiling stm32f10x_dbgmcu.c...
compiling stm32f10x_dma.c...
compiling stm32f10x_exti.c...
compiling stm32f10x_flash.c...
compiling stm32f10x_fsmc.c...
assembling startup_stm32f10x_md.s...
compiling core_cm3.c...
compiling system_stm32f10x.c...
compiling main.c...
compiling stm32f10x_it.c...
compiling BSP_Config.c...
compiling send_DATA.c...
compiling CRC.c...
compiling oled.c...
compiling Eeprom.c...
linking...
Program Size: Code=11996 RO-data=3820 RW-data=116 ZI-data=2212  
FromELF: creating hex file...
".\STM32_OLED.axf" - 0 Errors, 0 Warning(s).
Build target 'STM32_OLED'
compiling main.c...
linking...
Program Size: Code=11996 RO-data=3820 RW-data=116 ZI-data=2212  
FromELF: creating hex file...
".\STM32_OLED.axf" - 0 Errors, 0 Warning(s).
Build target 'STM32_OLED'
compiling main.c...
linking...
Program Size: Code=11996 RO-data=3820 RW-data=116 ZI-data=2212  
FromELF: creating hex file...
".\STM32_OLED.axf" - 0 Errors, 0 Warning(s).
Rebuild target 'STM32_OLED'
compiling misc.c...
compiling stm32f10x_gpio.c...
compiling stm32f10x_i2c.c...
compiling stm32f10x_iwdg.c...
compiling stm32f10x_pwr.c...
compiling stm32f10x_rcc.c...
compiling stm32f10x_rtc.c...
compiling stm32f10x_sdio.c...
compiling stm32f10x_spi.c...
compiling stm32f10x_tim.c...
compiling stm32f10x_usart.c...
compiling stm32f10x_wwdg.c...
compiling stm32f10x_adc.c...
compiling stm32f10x_bkp.c...
compiling stm32f10x_can.c...
compiling stm32f10x_crc.c...
compiling stm32f10x_dac.c...
compiling stm32f10x_dbgmcu.c...
compiling stm32f10x_dma.c...
compiling stm32f10x_exti.c...
compiling stm32f10x_flash.c...
compiling stm32f10x_fsmc.c...
assembling startup_stm32f10x_md.s...
compiling core_cm3.c...
compiling system_stm32f10x.c...
compiling main.c...
compiling stm32f10x_it.c...
compiling BSP_Config.c...
compiling send_DATA.c...
compiling CRC.c...
compiling oled.c...
compiling Eeprom.c...
linking...
Program Size: Code=11996 RO-data=3820 RW-data=116 ZI-data=2212  
FromELF: creating hex file...
".\STM32_OLED.axf" - 0 Errors, 0 Warning(s).
Build target 'STM32_OLED'
compiling main.c...
linking...
Program Size: Code=12052 RO-data=3820 RW-data=116 ZI-data=2212  
FromELF: creating hex file...
".\STM32_OLED.axf" - 0 Errors, 0 Warning(s).
Build target 'STM32_OLED'
linking...
Program Size: Code=12052 RO-data=3820 RW-data=116 ZI-data=2212  
FromELF: creating hex file...
".\STM32_OLED.axf" - 0 Errors, 0 Warning(s).
Build target 'STM32_OLED'
compiling main.c...
linking...
Program Size: Code=12052 RO-data=3820 RW-data=116 ZI-data=2212  
FromELF: creating hex file...
".\STM32_OLED.axf" - 0 Errors, 0 Warning(s).
Load "D:\\BaiduYunDownload\\STM32F103C8T6最小系统版资料\\STM32_OLED(C8T6)\\MDK-Proj\\STM32_OLED.axf" 
Include "D:\\BaiduYunDownload\\STM32F103C8T6最小系统版资料\\STM32_OLED(C8T6)\\MDK-Proj\\JLinkSettings.ini" 
[BREAKPOINTS]
^
*** error 10: Syntax error
Full Chip Erase Done.
Programming Done.
Verify OK.
Build target 'STM32_OLED'
compiling main.c...
linking...
Program Size: Code=12056 RO-data=3820 RW-data=116 ZI-data=2212  
FromELF: creating hex file...
".\STM32_OLED.axf" - 0 Errors, 0 Warning(s).
Load "D:\\BaiduYunDownload\\STM32F103C8T6最小系统版资料\\STM32_OLED(C8T6)\\MDK-Proj\\STM32_OLED.axf" 
Include "D:\\BaiduYunDownload\\STM32F103C8T6最小系统版资料\\STM32_OLED(C8T6)\\MDK-Proj\\JLinkSettings.ini" 
[BREAKPOINTS]
^
*** error 10: Syntax error
Full Chip Erase Done.
Programming Done.
Verify OK.
Build target 'STM32_OLED'
compiling main.c...
linking...
Program Size: Code=12068 RO-data=3820 RW-data=116 ZI-data=2212  
FromELF: creating hex file...
".\STM32_OLED.axf" - 0 Errors, 0 Warning(s).
Rebuild target 'STM32_OLED'
compiling misc.c...
compiling stm32f10x_gpio.c...
compiling stm32f10x_i2c.c...
compiling stm32f10x_iwdg.c...
compiling stm32f10x_pwr.c...
compiling stm32f10x_rcc.c...
compiling stm32f10x_rtc.c...
compiling stm32f10x_sdio.c...
compiling stm32f10x_spi.c...
compiling stm32f10x_tim.c...
compiling stm32f10x_usart.c...
compiling stm32f10x_wwdg.c...
compiling stm32f10x_adc.c...
compiling stm32f10x_bkp.c...
compiling stm32f10x_can.c...
compiling stm32f10x_crc.c...
compiling stm32f10x_dac.c...
compiling stm32f10x_dbgmcu.c...
compiling stm32f10x_dma.c...
compiling stm32f10x_exti.c...
compiling stm32f10x_flash.c...
compiling stm32f10x_fsmc.c...
assembling startup_stm32f10x_md.s...
compiling core_cm3.c...
compiling system_stm32f10x.c...
compiling main.c...
compiling stm32f10x_it.c...
compiling BSP_Config.c...
compiling send_DATA.c...
compiling CRC.c...
compiling oled.c...
compiling Eeprom.c...
linking...
Program Size: Code=12068 RO-data=3820 RW-data=116 ZI-data=2212  
FromELF: creating hex file...
".\STM32_OLED.axf" - 0 Errors, 0 Warning(s).
Load "D:\\BaiduYunDownload\\STM32F103C8T6最小系统版资料\\STM32_OLED(C8T6)\\MDK-Proj\\STM32_OLED.axf" 
Include "D:\\BaiduYunDownload\\STM32F103C8T6最小系统版资料\\STM32_OLED(C8T6)\\MDK-Proj\\JLinkSettings.ini" 
[BREAKPOINTS]
^
*** error 10: Syntax error
Full Chip Erase Done.
Programming Done.
Verify OK.
Build target 'STM32_OLED'
compiling main.c...
linking...
Program Size: Code=12056 RO-data=3820 RW-data=116 ZI-data=2212  
FromELF: creating hex file...
".\STM32_OLED.axf" - 0 Errors, 0 Warning(s).
Build target 'STM32_OLED'
compiling main.c...
linking...
Program Size: Code=12056 RO-data=3820 RW-data=116 ZI-data=2212  
FromELF: creating hex file...
".\STM32_OLED.axf" - 0 Errors, 0 Warning(s).
Build target 'STM32_OLED'
linking...
Program Size: Code=12056 RO-data=3820 RW-data=116 ZI-data=2212  
FromELF: creating hex file...
".\STM32_OLED.axf" - 0 Errors, 0 Warning(s).
Build target 'STM32_OLED'
linking...
Program Size: Code=12056 RO-data=3820 RW-data=116 ZI-data=2212  
FromELF: creating hex file...
".\STM32_OLED.axf" - 0 Errors, 0 Warning(s).
Build target 'STM32_OLED'
linking...
Program Size: Code=12056 RO-data=3820 RW-data=116 ZI-data=2212  
FromELF: creating hex file...
".\STM32_OLED.axf" - 0 Errors, 0 Warning(s).
