<html>
<body>
<pre>
<h1>µVision Build Log</h1>
<h2>Project:</h2>
D:\4work\@proj\20debugSTM32F103\v4_9_ÃÌº”ø¥√≈π∑_LED…¡À∏\v4\pri\proj.uvproj
Project File Date:  02/06/2021

<h2>Output:</h2>
Build target 'Target 1'
linking...
..\source\Startup\proj.sct(14): warning: L6314W: No section matches pattern .(RO).
..\source\Startup\proj.sct(14): warning: L6314W: No section matches pattern =(RO).
..\source\Startup\proj.sct(14): warning: L6314W: No section matches pattern ALIGN(4).
Program Size: Code=29848 RO-data=1088 RW-data=412 ZI-data=11484  
..\source\Startup\proj.sct: Finished: 0 information, 3 warning and 0 error messages.
FromELF: creating hex file...
"proj.axf" - 0 Error(s), 3 Warning(s).
Build target 'Target 1'
assembling stm32f10x_cl.s...
assembling cortexm3_macro.s...
compiling main.c...
compiling stm32f10x_it.c...
compiling PortDrv.c...
compiling rtc.c...
compiling I2c.c...
compiling shell.c...
compiling timer.c...
compiling UART.C...
compiling Beep.c...
compiling lib.c...
compiling esp.c...
compiling eeprom.c...
compiling key.c...
compiling flashIAP.c...
compiling initcall.c...
compiling stm32f10x_usart.c...
compiling stm32f10x_rcc.c...
compiling stm32f10x_adc.c...
compiling stm32f10x_bkp.c...
compiling stm32f10x_can.c...
compiling stm32f10x_crc.c...
compiling stm32f10x_dac.c...
compiling stm32f10x_dbgmcu.c...
compiling stm32f10x_dma.c...
compiling stm32f10x_exti.c...
compiling stm32f10x_flash.c...
compiling stm32f10x_fsmc.c...
compiling stm32f10x_gpio.c...
compiling stm32f10x_i2c.c...
compiling stm32f10x_iwdg.c...
compiling stm32f10x_lib.c...
compiling stm32f10x_pwr.c...
compiling stm32f10x_rtc.c...
compiling stm32f10x_sdio.c...
compiling stm32f10x_spi.c...
compiling stm32f10x_systick.c...
compiling stm32f10x_tim.c...
compiling stm32f10x_wwdg.c...
compiling stm32f10x_nvic.c...
linking...
..\source\Startup\proj.sct(14): warning: L6314W: No section matches pattern .(RO).
..\source\Startup\proj.sct(14): warning: L6314W: No section matches pattern =(RO).
..\source\Startup\proj.sct(14): warning: L6314W: No section matches pattern ALIGN(4).
Program Size: Code=29848 RO-data=1088 RW-data=412 ZI-data=11484  
..\source\Startup\proj.sct: Finished: 0 information, 3 warning and 0 error messages.
FromELF: creating hex file...
"..\output\demo.axf" - 0 Error(s), 3 Warning(s).
