<html>
<body>
<pre>
<h1>礦ision Build Log</h1>
<h2>Project:</h2>
D:\BaiduYunDownload\STM32F103C8T6最小系统版资料\STM32F103C8T6例程\高级例程-基于MINI板的TIM1的PWM输出\USER\STM32-DEMO.uvproj
Project File Date:  03/01/2013

<h2>Output:</h2>
Rebuild target 'TIM3-PWM-DEMO'
assembling startup_stm32f10x_hd.s...
compiling main.c...
compiling pwm_output.c...
compiling stm32f10x_it.c...
compiling misc.c...
compiling stm32f10x_tim.c...
compiling stm32f10x_gpio.c...
compiling stm32f10x_rcc.c...
compiling stm32f10x_flash.c...
compiling core_cm3.c...
compiling system_stm32f10x.c...
linking...
Program Size: Code=5860 RO-data=336 RW-data=20 ZI-data=612  
FromELF: creating hex file...
".\STM32-DEMO.axf" - 0 Errors, 0 Warning(s).
*** Note: 'Create Batch File' is active - using 'Rebuild'.
Rebuild target 'TIM3-PWM-DEMO'
assembling startup_stm32f10x_hd.s...
compiling main.c...
compiling pwm_output.c...
compiling stm32f10x_it.c...
compiling misc.c...
compiling stm32f10x_tim.c...
compiling stm32f10x_gpio.c...
compiling stm32f10x_rcc.c...
compiling stm32f10x_flash.c...
compiling core_cm3.c...
compiling system_stm32f10x.c...
linking...
Program Size: Code=5860 RO-data=336 RW-data=20 ZI-data=612  
FromELF: creating hex file...
".\STM32-DEMO.axf" - 0 Errors, 0 Warning(s).
Rebuild target 'TIM3-PWM-DEMO'
assembling startup_stm32f10x_hd.s...
compiling main.c...
compiling pwm_output.c...
compiling stm32f10x_it.c...
compiling misc.c...
compiling stm32f10x_tim.c...
compiling stm32f10x_gpio.c...
compiling stm32f10x_rcc.c...
compiling stm32f10x_flash.c...
compiling core_cm3.c...
compiling system_stm32f10x.c...
linking...
Program Size: Code=5860 RO-data=336 RW-data=20 ZI-data=612  
FromELF: creating hex file...
".\STM32-DEMO.axf" - 0 Errors, 0 Warning(s).
Load "D:\\BaiduYunDownload\\STM32F103C8T6最小系统版资料\\STM32F103C8T6例程\\高级例程-基于MINI板的TIM1的PWM输出\\USER\\STM32-DEMO.axf" 
Erase Done.
Programming Done.
Verify OK.
Rebuild target 'TIM3-PWM-DEMO'
assembling startup_stm32f10x_hd.s...
compiling main.c...
compiling pwm_output.c...
compiling stm32f10x_it.c...
compiling misc.c...
compiling stm32f10x_tim.c...
compiling stm32f10x_gpio.c...
compiling stm32f10x_rcc.c...
compiling stm32f10x_flash.c...
compiling core_cm3.c...
compiling system_stm32f10x.c...
linking...
Program Size: Code=5860 RO-data=336 RW-data=20 ZI-data=612  
FromELF: creating hex file...
".\STM32-DEMO.axf" - 0 Errors, 0 Warning(s).
Rebuild target 'TIM3-PWM-DEMO'
assembling startup_stm32f10x_hd.s...
compiling main.c...
compiling pwm_output.c...
compiling stm32f10x_it.c...
compiling misc.c...
compiling stm32f10x_tim.c...
compiling stm32f10x_gpio.c...
compiling stm32f10x_rcc.c...
compiling stm32f10x_flash.c...
compiling core_cm3.c...
compiling system_stm32f10x.c...
linking...
Program Size: Code=5860 RO-data=336 RW-data=20 ZI-data=612  
FromELF: creating hex file...
".\STM32-DEMO.axf" - 0 Errors, 0 Warning(s).
Load "D:\\BaiduYunDownload\\STM32F103C8T6最小系统版资料\\STM32F103C8T6例程\\高级例程-基于MINI板的TIM1的PWM输出\\USER\\STM32-DEMO.axf" 
Erase Done.
Programming Done.
Verify OK.
